06-07 04:23:29: Training starting...Total steps: 10000000
06-07 04:23:30: Step: 920 Env #7: New best return at episode #1 -> 0.0!!
06-07 04:23:31: Step: 1296 Env #5: New best return at episode #1 -> 1.0!!
06-07 04:23:32: Step: 1680 Env #1: New best return at episode #1 -> 2.0!!
06-07 04:23:32: Step: 1936 Env #2: New best return at episode #1 -> 3.0!!
06-07 04:23:57: Step: 20680 Env #5: New best return at episode #18 -> 5.0!!
06-07 04:24:00: Step: 22792 Env #3: New best return at episode #21 -> 10.0!!
06-07 04:24:30: Step: 45920 Env #5: New best return at episode #35 -> 12.0!!
06-07 04:26:25: Step: 135904 Env #2: New best return at episode #109 -> 13.0!!
06-07 04:26:42: Step: 149376 Env #1: New best return at episode #112 -> 15.0!!
06-07 04:27:52: Step: 204448 Env #6: New best return at episode #123 -> 16.0!!
06-07 04:28:39: Step: 241912 Env #3: New best return at episode #132 -> 18.0!!
06-07 04:29:29: Step: 280832 Env #4: New best return at episode #166 -> 23.0!!
06-07 04:30:24: Step: 324712 Env #1: New best return at episode #174 -> 25.0!!
06-07 04:31:43: Step: 387848 Env #0: New best return at episode #186 -> 29.0!!
06-07 04:33:39: Step: 480512 Env #5: New best return at episode #216 -> 31.0!!
06-07 04:36:59: Progress: 6.4% Step: 640000, Average Reward: 6.44, Time Since Last Log: 0:13:29.922207
06-07 04:37:30: Step: 665120 Env #1: New best return at episode #258 -> 39.0!!
06-07 04:39:36: Step: 764752 Env #6: New best return at episode #270 -> 48.0!!
06-07 04:40:15: Step: 795936 Env #5: New best return at episode #284 -> 52.0!!
06-07 04:43:26: Step: 950648 Env #7: New best return at episode #293 -> 54.0!!
06-07 04:46:17: Step: 1087744 Env #1: New best return at episode #337 -> 59.0!!
06-07 04:48:18: Step: 1185440 Env #4: New best return at episode #350 -> 60.0!!
06-07 04:50:15: Progress: 12.8% Step: 1280000, Average Reward: 11.291, Time Since Last Log: 0:13:15.675455
06-07 04:51:23: Step: 1334840 Env #4: New best return at episode #372 -> 73.0!!
06-07 04:52:35: Step: 1392976 Env #1: New best return at episode #381 -> 252.0!!
06-07 05:03:27: Progress: 19.2% Step: 1920000, Average Reward: 15.887, Time Since Last Log: 0:13:12.208908
06-07 05:05:50: Step: 2035688 Env #2: New best return at episode #477 -> 263.0!!
06-07 05:08:10: Step: 2149384 Env #1: New best return at episode #475 -> 272.0!!
06-07 05:09:31: Step: 2214096 Env #3: New best return at episode #464 -> 356.0!!
06-07 05:14:19: Step: 2447184 Env #7: New best return at episode #496 -> 359.0!!
06-07 05:16:38: Progress: 25.6% Step: 2560000, Average Reward: 20.575, Time Since Last Log: 0:13:11.189898
06-07 05:17:39: Step: 2609208 Env #7: New best return at episode #514 -> 384.0!!
06-07 05:29:46: Progress: 32.0% Step: 3200000, Average Reward: 27.35, Time Since Last Log: 0:13:07.907539
06-07 05:32:25: Step: 3329768 Env #5: New best return at episode #597 -> 399.0!!
06-07 05:42:49: Progress: 38.4% Step: 3840000, Average Reward: 36.461, Time Since Last Log: 0:13:02.929928
06-07 05:47:10: Step: 4053544 Env #6: New best return at episode #646 -> 400.0!!
06-07 05:50:21: Step: 4210512 Env #0: New best return at episode #678 -> 407.0!!
06-07 05:55:52: Progress: 44.8% Step: 4480000, Average Reward: 48.075, Time Since Last Log: 0:13:02.830307
06-07 06:05:50: Step: 4970272 Env #3: New best return at episode #699 -> 411.0!!
06-07 06:06:47: Step: 5016648 Env #2: New best return at episode #751 -> 426.0!!
06-07 06:08:53: Progress: 51.2% Step: 5120000, Average Reward: 61.169, Time Since Last Log: 0:13:01.819469
06-07 06:21:56: Progress: 57.6% Step: 5760000, Average Reward: 74.311, Time Since Last Log: 0:13:02.381397
06-07 06:30:12: Step: 6165376 Env #5: New best return at episode #821 -> 443.0!!
06-07 06:34:57: Progress: 64.0% Step: 6400000, Average Reward: 86.977, Time Since Last Log: 0:13:01.562927
06-07 06:47:58: Progress: 70.4% Step: 7040000, Average Reward: 98.735, Time Since Last Log: 0:13:00.719349
06-07 06:55:32: Step: 7413320 Env #5: New best return at episode #905 -> 809.0!!
06-07 07:00:54: Progress: 76.8% Step: 7680000, Average Reward: 109.224, Time Since Last Log: 0:12:56.377692
06-07 07:13:43: Progress: 83.2% Step: 8320000, Average Reward: 118.931, Time Since Last Log: 0:12:48.387917
06-07 07:22:15: Step: 8739128 Env #3: New best return at episode #945 -> 863.0!!
06-07 07:26:45: Progress: 89.6% Step: 8960000, Average Reward: 126.799, Time Since Last Log: 0:13:02.214965
06-07 07:39:42: Progress: 96.0% Step: 9600000, Average Reward: 133.373, Time Since Last Log: 0:12:56.959629
06-07 08:27:34: Test Results over 100 episodes: 
Average Reward: 431.250 
Max Reward: 843.0 
Min Reward: 215.0 
Standard Deviation: 87.932
