05-30 20:34:57: Training starting...
05-30 20:35:00: Step: 1872 Env #5: New best return at episode #1 -> 0.0!!
05-30 20:35:01: Step: 2640 Env #14: New best return at episode #1 -> 1.0!!
05-30 20:35:02: Step: 3552 Env #10: New best return at episode #1 -> 3.0!!
05-30 20:35:04: Step: 4608 Env #13: New best return at episode #1 -> 4.0!!
05-30 20:35:09: Step: 8208 Env #4: New best return at episode #2 -> 5.0!!
05-30 20:35:26: Step: 22464 Env #10: New best return at episode #5 -> 7.0!!
05-30 20:35:36: Progress: 0.3% Step: 30000, Average Reward: 0.625, Time Since Last Log: 0:00:38.924300
05-30 20:35:58: Step: 48096 Env #12: New best return at episode #9 -> 10.0!!
05-30 20:36:13: Progress: 0.6% Step: 60000, Average Reward: 0.741, Time Since Last Log: 0:00:37.552346
05-30 20:36:51: Progress: 0.9% Step: 90000, Average Reward: 0.792, Time Since Last Log: 0:00:37.408396
05-30 20:37:28: Progress: 1.2% Step: 120000, Average Reward: 0.788, Time Since Last Log: 0:00:37.087304
05-30 20:38:05: Progress: 1.5% Step: 150000, Average Reward: 0.824, Time Since Last Log: 0:00:37.397672
05-30 20:38:42: Progress: 1.8% Step: 180000, Average Reward: 0.877, Time Since Last Log: 0:00:37.183324
05-30 20:39:22: Progress: 2.1% Step: 210000, Average Reward: 0.834, Time Since Last Log: 0:00:39.273346
05-30 20:39:31: Step: 216816 Env #10: New best return at episode #41 -> 12.0!!
05-30 20:40:03: Progress: 2.4% Step: 240000, Average Reward: 0.87, Time Since Last Log: 0:00:40.910005
05-30 20:40:44: Progress: 2.7% Step: 270000, Average Reward: 0.9, Time Since Last Log: 0:00:41.157675
05-30 20:41:24: Progress: 3.0% Step: 300000, Average Reward: 0.924, Time Since Last Log: 0:00:40.698236
05-30 20:42:05: Progress: 3.3% Step: 330000, Average Reward: 0.931, Time Since Last Log: 0:00:40.384113
05-30 20:42:45: Progress: 3.6% Step: 360000, Average Reward: 1.001, Time Since Last Log: 0:00:40.328078
05-30 20:43:26: Progress: 3.9% Step: 390000, Average Reward: 1.011, Time Since Last Log: 0:00:40.487632
05-30 20:43:50: Step: 407856 Env #10: New best return at episode #70 -> 13.0!!
05-30 20:44:06: Progress: 4.2% Step: 420000, Average Reward: 1.038, Time Since Last Log: 0:00:40.087967
05-30 20:44:46: Progress: 4.5% Step: 450000, Average Reward: 1.089, Time Since Last Log: 0:00:40.270009
05-30 20:45:27: Progress: 4.8% Step: 480000, Average Reward: 1.094, Time Since Last Log: 0:00:40.578572
05-30 20:46:07: Progress: 5.1% Step: 510000, Average Reward: 1.129, Time Since Last Log: 0:00:40.833895
05-30 20:46:48: Progress: 5.4% Step: 540000, Average Reward: 1.181, Time Since Last Log: 0:00:40.850796
05-30 20:47:29: Progress: 5.7% Step: 570000, Average Reward: 1.239, Time Since Last Log: 0:00:40.745422
05-30 20:48:09: Step: 599472 Env #3: New best return at episode #84 -> 17.0!!
05-30 20:48:10: Progress: 6.0% Step: 600000, Average Reward: 1.288, Time Since Last Log: 0:00:40.675621
05-30 20:48:17: Test Results over 10 episodes: 
Average Reward: 3.900 
Max Reward: 5.0 
Min Reward: 2.0 
Standard Deviation: 1.044
05-30 20:48:55: Progress: 6.3% Step: 630000, Average Reward: 1.347, Time Since Last Log: 0:00:45.189387
05-30 20:49:35: Progress: 6.6% Step: 660000, Average Reward: 1.393, Time Since Last Log: 0:00:39.852240
05-30 20:50:14: Progress: 6.9% Step: 690000, Average Reward: 1.467, Time Since Last Log: 0:00:39.400994
05-30 20:50:53: Progress: 7.2% Step: 720000, Average Reward: 1.517, Time Since Last Log: 0:00:39.148908
05-30 20:51:33: Progress: 7.5% Step: 750000, Average Reward: 1.588, Time Since Last Log: 0:00:39.418359
05-30 20:52:12: Progress: 7.8% Step: 780000, Average Reward: 1.656, Time Since Last Log: 0:00:39.455538
05-30 20:52:51: Progress: 8.1% Step: 810000, Average Reward: 1.725, Time Since Last Log: 0:00:39.212491
05-30 20:53:30: Progress: 8.4% Step: 840000, Average Reward: 1.776, Time Since Last Log: 0:00:38.762933
05-30 20:53:48: Step: 853968 Env #14: New best return at episode #102 -> 22.0!!
05-30 20:54:09: Progress: 8.7% Step: 870000, Average Reward: 1.833, Time Since Last Log: 0:00:38.929609
05-30 20:54:49: Progress: 9.0% Step: 900000, Average Reward: 1.895, Time Since Last Log: 0:00:39.564293
05-30 20:55:28: Progress: 9.3% Step: 930000, Average Reward: 1.921, Time Since Last Log: 0:00:39.239262
05-30 20:56:07: Progress: 9.6% Step: 960000, Average Reward: 1.956, Time Since Last Log: 0:00:39.203111
05-30 20:56:18: Step: 968640 Env #6: New best return at episode #108 -> 23.0!!
05-30 20:56:46: Progress: 9.9% Step: 990000, Average Reward: 2.008, Time Since Last Log: 0:00:39.458379
05-30 20:57:10: Step: 1008048 Env #13: New best return at episode #122 -> 26.0!!
05-30 20:57:26: Progress: 10.2% Step: 1020000, Average Reward: 2.068, Time Since Last Log: 0:00:39.721476
05-30 20:58:06: Progress: 10.5% Step: 1050000, Average Reward: 2.101, Time Since Last Log: 0:00:39.910584
05-30 20:58:46: Progress: 10.8% Step: 1080000, Average Reward: 2.14, Time Since Last Log: 0:00:39.656507
05-30 20:59:25: Progress: 11.1% Step: 1110000, Average Reward: 2.201, Time Since Last Log: 0:00:39.670305
05-30 21:00:05: Progress: 11.4% Step: 1140000, Average Reward: 2.266, Time Since Last Log: 0:00:39.278239
05-30 21:00:44: Progress: 11.7% Step: 1170000, Average Reward: 2.328, Time Since Last Log: 0:00:39.670879
05-30 21:01:17: Step: 1195200 Env #0: New best return at episode #128 -> 36.0!!
05-30 21:01:23: Progress: 12.0% Step: 1200000, Average Reward: 2.375, Time Since Last Log: 0:00:38.848162
05-30 21:01:34: Test Results over 10 episodes: 
Average Reward: 7.600 
Max Reward: 14.0 
Min Reward: 1.0 
Standard Deviation: 4.200
05-30 21:02:13: Progress: 12.3% Step: 1230000, Average Reward: 2.415, Time Since Last Log: 0:00:49.907870
05-30 21:02:52: Progress: 12.6% Step: 1260000, Average Reward: 2.471, Time Since Last Log: 0:00:39.157672
05-30 21:03:31: Progress: 12.9% Step: 1290000, Average Reward: 2.515, Time Since Last Log: 0:00:39.090895
05-30 21:04:10: Progress: 13.2% Step: 1320000, Average Reward: 2.549, Time Since Last Log: 0:00:38.838204
05-30 21:04:44: Step: 1346928 Env #3: New best return at episode #139 -> 48.0!!
05-30 21:04:49: Progress: 13.5% Step: 1350000, Average Reward: 2.586, Time Since Last Log: 0:00:38.276519
05-30 21:05:28: Progress: 13.8% Step: 1380000, Average Reward: 2.63, Time Since Last Log: 0:00:39.424314
05-30 21:05:34: Step: 1384608 Env #10: New best return at episode #136 -> 52.0!!
05-30 21:06:07: Progress: 14.1% Step: 1410000, Average Reward: 2.687, Time Since Last Log: 0:00:39.423956
05-30 21:06:46: Progress: 14.4% Step: 1440000, Average Reward: 2.746, Time Since Last Log: 0:00:38.828917
05-30 21:07:25: Progress: 14.7% Step: 1470000, Average Reward: 2.78, Time Since Last Log: 0:00:38.846392
05-30 21:08:04: Progress: 15.0% Step: 1500000, Average Reward: 2.845, Time Since Last Log: 0:00:38.763028
05-30 21:08:42: Progress: 15.3% Step: 1530000, Average Reward: 2.906, Time Since Last Log: 0:00:38.530357
05-30 21:09:22: Progress: 15.6% Step: 1560000, Average Reward: 2.971, Time Since Last Log: 0:00:39.160819
05-30 21:10:01: Progress: 15.9% Step: 1590000, Average Reward: 3.038, Time Since Last Log: 0:00:39.036113
05-30 21:10:39: Progress: 16.2% Step: 1620000, Average Reward: 3.104, Time Since Last Log: 0:00:38.752921
05-30 21:11:19: Progress: 16.5% Step: 1650000, Average Reward: 3.164, Time Since Last Log: 0:00:39.278899
05-30 21:11:57: Progress: 16.8% Step: 1680000, Average Reward: 3.228, Time Since Last Log: 0:00:38.707808
05-30 21:12:36: Progress: 17.1% Step: 1710000, Average Reward: 3.269, Time Since Last Log: 0:00:39.079767
05-30 21:12:59: Step: 1727904 Env #14: New best return at episode #131 -> 55.0!!
05-30 21:13:15: Progress: 17.4% Step: 1740000, Average Reward: 3.305, Time Since Last Log: 0:00:38.543057
05-30 21:13:54: Progress: 17.7% Step: 1770000, Average Reward: 3.371, Time Since Last Log: 0:00:38.830469
05-30 21:14:17: Step: 1788240 Env #2: New best return at episode #154 -> 65.0!!
05-30 21:14:32: Progress: 18.0% Step: 1800000, Average Reward: 3.42, Time Since Last Log: 0:00:38.678853
05-30 21:14:56: Test Results over 10 episodes: 
Average Reward: 32.700 
Max Reward: 51.0 
Min Reward: 21.0 
Standard Deviation: 8.638
05-30 21:15:37: Progress: 18.3% Step: 1830000, Average Reward: 3.526, Time Since Last Log: 0:01:04.668050
05-30 21:16:16: Progress: 18.6% Step: 1860000, Average Reward: 3.583, Time Since Last Log: 0:00:38.968230
05-30 21:16:31: Step: 1871904 Env #0: New best return at episode #148 -> 77.0!!
05-30 21:16:55: Progress: 18.9% Step: 1890000, Average Reward: 3.647, Time Since Last Log: 0:00:38.886191
05-30 21:17:34: Progress: 19.2% Step: 1920000, Average Reward: 3.704, Time Since Last Log: 0:00:38.779416
05-30 21:18:12: Progress: 19.5% Step: 1950000, Average Reward: 3.785, Time Since Last Log: 0:00:38.693121
05-30 21:18:51: Progress: 19.8% Step: 1980000, Average Reward: 3.864, Time Since Last Log: 0:00:38.471258
05-30 21:19:30: Progress: 20.1% Step: 2010000, Average Reward: 3.981, Time Since Last Log: 0:00:38.701352
05-30 21:20:08: Progress: 20.4% Step: 2040000, Average Reward: 4.032, Time Since Last Log: 0:00:38.306068
05-30 21:20:47: Progress: 20.7% Step: 2070000, Average Reward: 4.093, Time Since Last Log: 0:00:38.711377
05-30 21:21:06: Step: 2084688 Env #10: New best return at episode #155 -> 81.0!!
05-30 21:21:25: Progress: 21.0% Step: 2100000, Average Reward: 4.16, Time Since Last Log: 0:00:38.676301
05-30 21:22:04: Progress: 21.3% Step: 2130000, Average Reward: 4.234, Time Since Last Log: 0:00:38.748438
05-30 21:22:42: Progress: 21.6% Step: 2160000, Average Reward: 4.378, Time Since Last Log: 0:00:38.392942
05-30 21:23:21: Progress: 21.9% Step: 2190000, Average Reward: 4.463, Time Since Last Log: 0:00:38.165624
05-30 21:23:57: Progress: 22.2% Step: 2220000, Average Reward: 4.533, Time Since Last Log: 0:00:36.803382
05-30 21:24:18: Step: 2236800 Env #3: New best return at episode #163 -> 95.0!!
05-30 21:24:33: Progress: 22.5% Step: 2250000, Average Reward: 4.586, Time Since Last Log: 0:00:35.996249
05-30 21:25:09: Progress: 22.8% Step: 2280000, Average Reward: 4.649, Time Since Last Log: 0:00:35.481699
05-30 21:25:45: Progress: 23.1% Step: 2310000, Average Reward: 4.785, Time Since Last Log: 0:00:36.594557
05-30 21:26:10: Step: 2330688 Env #8: New best return at episode #155 -> 142.0!!
05-30 21:26:22: Progress: 23.4% Step: 2340000, Average Reward: 4.892, Time Since Last Log: 0:00:36.134588
05-30 21:26:57: Progress: 23.7% Step: 2370000, Average Reward: 4.974, Time Since Last Log: 0:00:35.524698
05-30 21:27:25: Step: 2394000 Env #14: New best return at episode #151 -> 304.0!!
05-30 21:27:33: Progress: 24.0% Step: 2400000, Average Reward: 5.056, Time Since Last Log: 0:00:35.475829
05-30 21:28:12: Test Results over 10 episodes: 
Average Reward: 73.400 
Max Reward: 134.0 
Min Reward: 18.0 
Standard Deviation: 35.962
05-30 21:28:50: Progress: 24.3% Step: 2430000, Average Reward: 5.124, Time Since Last Log: 0:01:17.838425
05-30 21:29:28: Progress: 24.6% Step: 2460000, Average Reward: 5.235, Time Since Last Log: 0:00:37.472795
05-30 21:30:06: Progress: 24.9% Step: 2490000, Average Reward: 5.292, Time Since Last Log: 0:00:38.392193
05-30 21:30:44: Progress: 25.2% Step: 2520000, Average Reward: 5.374, Time Since Last Log: 0:00:37.296424
05-30 21:31:20: Progress: 25.5% Step: 2550000, Average Reward: 5.466, Time Since Last Log: 0:00:36.505476
05-30 21:31:59: Progress: 25.8% Step: 2580000, Average Reward: 5.521, Time Since Last Log: 0:00:38.830779
05-30 21:32:38: Progress: 26.1% Step: 2610000, Average Reward: 5.6, Time Since Last Log: 0:00:38.865269
05-30 21:33:16: Progress: 26.4% Step: 2640000, Average Reward: 5.669, Time Since Last Log: 0:00:38.480831
05-30 21:33:55: Progress: 26.7% Step: 2670000, Average Reward: 5.784, Time Since Last Log: 0:00:38.261862
05-30 21:34:33: Progress: 27.0% Step: 2700000, Average Reward: 5.87, Time Since Last Log: 0:00:38.353031
05-30 21:35:11: Progress: 27.3% Step: 2730000, Average Reward: 5.958, Time Since Last Log: 0:00:38.568508
05-30 21:35:50: Progress: 27.6% Step: 2760000, Average Reward: 6.047, Time Since Last Log: 0:00:38.421829
05-30 21:36:28: Progress: 27.9% Step: 2790000, Average Reward: 6.134, Time Since Last Log: 0:00:38.489008
05-30 21:37:07: Progress: 28.2% Step: 2820000, Average Reward: 6.278, Time Since Last Log: 0:00:38.755379
05-30 21:37:37: Step: 2842752 Env #14: New best return at episode #160 -> 390.0!!
05-30 21:37:46: Progress: 28.5% Step: 2850000, Average Reward: 6.41, Time Since Last Log: 0:00:38.701222
05-30 21:38:24: Progress: 28.8% Step: 2880000, Average Reward: 6.525, Time Since Last Log: 0:00:38.409110
05-30 21:39:03: Progress: 29.1% Step: 2910000, Average Reward: 6.659, Time Since Last Log: 0:00:38.524269
05-30 21:39:42: Progress: 29.4% Step: 2940000, Average Reward: 6.733, Time Since Last Log: 0:00:38.753992
05-30 21:40:20: Progress: 29.7% Step: 2970000, Average Reward: 6.835, Time Since Last Log: 0:00:38.684788
05-30 21:40:59: Progress: 30.0% Step: 3000000, Average Reward: 6.933, Time Since Last Log: 0:00:39.133822
05-30 21:41:44: Test Results over 10 episodes: 
Average Reward: 141.300 
Max Reward: 324.0 
Min Reward: 51.0 
Standard Deviation: 77.473
05-30 21:42:24: Progress: 30.3% Step: 3030000, Average Reward: 7.012, Time Since Last Log: 0:01:24.327544
05-30 21:43:02: Progress: 30.6% Step: 3060000, Average Reward: 7.122, Time Since Last Log: 0:00:38.623967
05-30 21:43:41: Progress: 30.9% Step: 3090000, Average Reward: 7.259, Time Since Last Log: 0:00:38.850335
05-30 21:44:20: Progress: 31.2% Step: 3120000, Average Reward: 7.421, Time Since Last Log: 0:00:38.625691
05-30 21:44:59: Progress: 31.5% Step: 3150000, Average Reward: 7.519, Time Since Last Log: 0:00:39.012993
05-30 21:45:38: Progress: 31.8% Step: 3180000, Average Reward: 7.673, Time Since Last Log: 0:00:39.050843
05-30 21:46:17: Progress: 32.1% Step: 3210000, Average Reward: 7.812, Time Since Last Log: 0:00:39.134300
05-30 21:46:55: Progress: 32.4% Step: 3240000, Average Reward: 7.904, Time Since Last Log: 0:00:38.539599
05-30 21:47:34: Progress: 32.7% Step: 3270000, Average Reward: 7.955, Time Since Last Log: 0:00:38.682795
05-30 21:48:13: Progress: 33.0% Step: 3300000, Average Reward: 8.116, Time Since Last Log: 0:00:38.807094
05-30 21:48:52: Progress: 33.3% Step: 3330000, Average Reward: 8.25, Time Since Last Log: 0:00:38.701669
05-30 21:49:30: Progress: 33.6% Step: 3360000, Average Reward: 8.34, Time Since Last Log: 0:00:38.516222
05-30 21:50:06: Progress: 33.9% Step: 3390000, Average Reward: 8.506, Time Since Last Log: 0:00:35.743449
05-30 21:50:42: Progress: 34.2% Step: 3420000, Average Reward: 8.702, Time Since Last Log: 0:00:36.262535
05-30 21:51:21: Progress: 34.5% Step: 3450000, Average Reward: 8.816, Time Since Last Log: 0:00:38.757675
05-30 21:51:57: Progress: 34.8% Step: 3480000, Average Reward: 8.928, Time Since Last Log: 0:00:35.700464
05-30 21:52:33: Progress: 35.1% Step: 3510000, Average Reward: 9.078, Time Since Last Log: 0:00:36.393655
05-30 21:53:12: Progress: 35.4% Step: 3540000, Average Reward: 9.213, Time Since Last Log: 0:00:38.697424
05-30 21:53:51: Progress: 35.7% Step: 3570000, Average Reward: 9.312, Time Since Last Log: 0:00:38.868240
05-30 21:54:30: Progress: 36.0% Step: 3600000, Average Reward: 9.454, Time Since Last Log: 0:00:38.979250
05-30 21:55:11: Test Results over 10 episodes: 
Average Reward: 141.400 
Max Reward: 340.0 
Min Reward: 32.0 
Standard Deviation: 102.908
05-30 21:55:51: Progress: 36.3% Step: 3630000, Average Reward: 9.552, Time Since Last Log: 0:01:21.582316
05-30 21:56:30: Progress: 36.6% Step: 3660000, Average Reward: 9.636, Time Since Last Log: 0:00:38.876834
05-30 21:57:09: Progress: 36.9% Step: 3690000, Average Reward: 9.828, Time Since Last Log: 0:00:38.946984
05-30 21:57:48: Progress: 37.2% Step: 3720000, Average Reward: 9.908, Time Since Last Log: 0:00:38.712872
05-30 21:58:26: Progress: 37.5% Step: 3750000, Average Reward: 10.072, Time Since Last Log: 0:00:38.494361
05-30 21:59:05: Progress: 37.8% Step: 3780000, Average Reward: 10.226, Time Since Last Log: 0:00:38.452549
05-30 21:59:44: Progress: 38.1% Step: 3810000, Average Reward: 10.379, Time Since Last Log: 0:00:39.148133
05-30 22:00:22: Progress: 38.4% Step: 3840000, Average Reward: 10.567, Time Since Last Log: 0:00:38.522289
05-30 22:01:01: Progress: 38.7% Step: 3870000, Average Reward: 10.782, Time Since Last Log: 0:00:38.512610
05-30 22:01:40: Progress: 39.0% Step: 3900000, Average Reward: 11.01, Time Since Last Log: 0:00:39.146852
05-30 22:02:19: Progress: 39.3% Step: 3930000, Average Reward: 11.218, Time Since Last Log: 0:00:38.747311
05-30 22:02:58: Progress: 39.6% Step: 3960000, Average Reward: 11.466, Time Since Last Log: 0:00:39.323754
05-30 22:03:37: Progress: 39.9% Step: 3990000, Average Reward: 11.692, Time Since Last Log: 0:00:39.159819
05-30 22:04:11: Step: 4016544 Env #13: New best return at episode #187 -> 392.0!!
05-30 22:04:16: Progress: 40.2% Step: 4020000, Average Reward: 11.718, Time Since Last Log: 0:00:38.667723
05-30 22:04:54: Progress: 40.5% Step: 4050000, Average Reward: 11.929, Time Since Last Log: 0:00:38.556080
05-30 22:05:33: Progress: 40.8% Step: 4080000, Average Reward: 11.929, Time Since Last Log: 0:00:38.926947
05-30 22:06:13: Progress: 41.1% Step: 4110000, Average Reward: 12.123, Time Since Last Log: 0:00:39.193332
05-30 22:06:51: Progress: 41.4% Step: 4140000, Average Reward: 12.308, Time Since Last Log: 0:00:38.818970
05-30 22:07:30: Progress: 41.7% Step: 4170000, Average Reward: 12.497, Time Since Last Log: 0:00:39.063045
05-30 22:08:10: Progress: 42.0% Step: 4200000, Average Reward: 12.713, Time Since Last Log: 0:00:39.049368
05-30 22:09:02: Test Results over 10 episodes: 
Average Reward: 278.000 
Max Reward: 396.0 
Min Reward: 72.0 
Standard Deviation: 107.709
05-30 22:09:43: Progress: 42.3% Step: 4230000, Average Reward: 12.788, Time Since Last Log: 0:01:33.813057
05-30 22:10:21: Progress: 42.6% Step: 4260000, Average Reward: 12.984, Time Since Last Log: 0:00:37.839279
05-30 22:11:00: Progress: 42.9% Step: 4290000, Average Reward: 13.113, Time Since Last Log: 0:00:39.011960
05-30 22:11:36: Progress: 43.2% Step: 4320000, Average Reward: 13.229, Time Since Last Log: 0:00:35.864938
05-30 22:12:12: Progress: 43.5% Step: 4350000, Average Reward: 13.315, Time Since Last Log: 0:00:35.491851
05-30 22:12:47: Progress: 43.8% Step: 4380000, Average Reward: 13.547, Time Since Last Log: 0:00:35.834475
05-30 22:13:23: Progress: 44.1% Step: 4410000, Average Reward: 13.928, Time Since Last Log: 0:00:35.631349
05-30 22:13:59: Progress: 44.4% Step: 4440000, Average Reward: 14.076, Time Since Last Log: 0:00:35.762152
05-30 22:14:34: Progress: 44.7% Step: 4470000, Average Reward: 14.241, Time Since Last Log: 0:00:35.588425
05-30 22:15:10: Progress: 45.0% Step: 4500000, Average Reward: 14.531, Time Since Last Log: 0:00:35.918170
05-30 22:15:51: Progress: 45.3% Step: 4530000, Average Reward: 14.716, Time Since Last Log: 0:00:40.315384
05-30 22:16:07: Step: 4542336 Env #4: New best return at episode #194 -> 397.0!!
05-30 22:16:32: Progress: 45.6% Step: 4560000, Average Reward: 14.938, Time Since Last Log: 0:00:40.932790
05-30 22:16:54: Step: 4576224 Env #8: New best return at episode #183 -> 405.0!!
05-30 22:17:13: Progress: 45.9% Step: 4590000, Average Reward: 15.174, Time Since Last Log: 0:00:41.049345
05-30 22:17:51: Step: 4618320 Env #10: New best return at episode #191 -> 408.0!!
05-30 22:17:54: Progress: 46.2% Step: 4620000, Average Reward: 15.456, Time Since Last Log: 0:00:41.016121
05-30 22:18:35: Progress: 46.5% Step: 4650000, Average Reward: 15.654, Time Since Last Log: 0:00:41.315975
05-30 22:19:16: Progress: 46.8% Step: 4680000, Average Reward: 15.886, Time Since Last Log: 0:00:40.849414
05-30 22:19:57: Progress: 47.1% Step: 4710000, Average Reward: 16.018, Time Since Last Log: 0:00:40.899337
05-30 22:20:26: Step: 4731600 Env #8: New best return at episode #184 -> 416.0!!
05-30 22:20:38: Progress: 47.4% Step: 4740000, Average Reward: 16.284, Time Since Last Log: 0:00:41.099508
05-30 22:21:19: Progress: 47.7% Step: 4770000, Average Reward: 16.496, Time Since Last Log: 0:00:41.132578
05-30 22:22:00: Progress: 48.0% Step: 4800000, Average Reward: 16.768, Time Since Last Log: 0:00:40.916120
05-30 22:23:36: Test Results over 10 episodes: 
Average Reward: 253.700 
Max Reward: 412.0 
Min Reward: 76.0 
Standard Deviation: 112.332
05-30 22:24:01: Step: 4814928 Env #10: New best return at episode #192 -> 427.0!!
05-30 22:24:22: Progress: 48.3% Step: 4830000, Average Reward: 17.092, Time Since Last Log: 0:02:21.897825
05-30 22:24:51: Step: 4851360 Env #13: New best return at episode #202 -> 446.0!!
05-30 22:25:03: Progress: 48.6% Step: 4860000, Average Reward: 17.397, Time Since Last Log: 0:00:40.932823
05-30 22:25:44: Progress: 48.9% Step: 4890000, Average Reward: 17.563, Time Since Last Log: 0:00:41.082565
05-30 22:26:24: Progress: 49.2% Step: 4920000, Average Reward: 17.708, Time Since Last Log: 0:00:40.799296
05-30 22:27:05: Progress: 49.5% Step: 4950000, Average Reward: 17.937, Time Since Last Log: 0:00:40.732778
05-30 22:27:46: Progress: 49.8% Step: 4980000, Average Reward: 17.972, Time Since Last Log: 0:00:41.016446
05-30 22:28:27: Progress: 50.1% Step: 5010000, Average Reward: 18.243, Time Since Last Log: 0:00:40.949047
05-30 22:29:08: Progress: 50.4% Step: 5040000, Average Reward: 18.563, Time Since Last Log: 0:00:41.232717
05-30 22:29:49: Progress: 50.7% Step: 5070000, Average Reward: 18.84, Time Since Last Log: 0:00:40.932192
05-30 22:30:30: Progress: 51.0% Step: 5100000, Average Reward: 19.114, Time Since Last Log: 0:00:40.983207
05-30 22:31:12: Progress: 51.3% Step: 5130000, Average Reward: 19.155, Time Since Last Log: 0:00:41.316045
05-30 22:31:53: Progress: 51.6% Step: 5160000, Average Reward: 19.457, Time Since Last Log: 0:00:41.182771
05-30 22:32:34: Progress: 51.9% Step: 5190000, Average Reward: 19.725, Time Since Last Log: 0:00:40.849428
05-30 22:33:15: Progress: 52.2% Step: 5220000, Average Reward: 19.808, Time Since Last Log: 0:00:41.199429
05-30 22:33:56: Progress: 52.5% Step: 5250000, Average Reward: 20.07, Time Since Last Log: 0:00:41.115949
05-30 22:34:37: Progress: 52.8% Step: 5280000, Average Reward: 20.299, Time Since Last Log: 0:00:41.282645
05-30 22:35:19: Progress: 53.1% Step: 5310000, Average Reward: 20.673, Time Since Last Log: 0:00:41.531942
05-30 22:36:00: Progress: 53.4% Step: 5340000, Average Reward: 20.768, Time Since Last Log: 0:00:40.708411
05-30 22:36:40: Progress: 53.7% Step: 5370000, Average Reward: 20.802, Time Since Last Log: 0:00:40.821126
05-30 22:37:21: Progress: 54.0% Step: 5400000, Average Reward: 21.052, Time Since Last Log: 0:00:40.513258
05-30 22:39:56: Test Results over 10 episodes: 
Average Reward: 358.400 
Max Reward: 426.0 
Min Reward: 60.0 
Standard Deviation: 103.967
05-30 22:40:43: Progress: 54.3% Step: 5430000, Average Reward: 21.187, Time Since Last Log: 0:03:22.601107
05-30 22:41:24: Progress: 54.6% Step: 5460000, Average Reward: 21.353, Time Since Last Log: 0:00:40.330936
05-30 22:42:04: Progress: 54.9% Step: 5490000, Average Reward: 21.435, Time Since Last Log: 0:00:40.626733
05-30 22:42:45: Progress: 55.2% Step: 5520000, Average Reward: 21.565, Time Since Last Log: 0:00:40.383716
05-30 22:43:25: Progress: 55.5% Step: 5550000, Average Reward: 21.979, Time Since Last Log: 0:00:40.351293
05-30 22:44:06: Progress: 55.8% Step: 5580000, Average Reward: 22.109, Time Since Last Log: 0:00:40.644509
05-30 22:44:46: Progress: 56.1% Step: 5610000, Average Reward: 22.196, Time Since Last Log: 0:00:40.526673
05-30 22:45:27: Progress: 56.4% Step: 5640000, Average Reward: 22.448, Time Since Last Log: 0:00:40.310062
05-30 22:46:07: Progress: 56.7% Step: 5670000, Average Reward: 22.647, Time Since Last Log: 0:00:40.596425
05-30 22:46:48: Progress: 57.0% Step: 5700000, Average Reward: 22.779, Time Since Last Log: 0:00:40.439890
05-30 22:47:28: Progress: 57.3% Step: 5730000, Average Reward: 22.88, Time Since Last Log: 0:00:40.408655
05-30 22:48:08: Progress: 57.6% Step: 5760000, Average Reward: 23.12, Time Since Last Log: 0:00:40.379603
05-30 22:48:36: Step: 5780208 Env #0: New best return at episode #210 -> 824.0!!
05-30 22:48:49: Progress: 57.9% Step: 5790000, Average Reward: 23.384, Time Since Last Log: 0:00:40.392873
05-30 22:49:29: Progress: 58.2% Step: 5820000, Average Reward: 23.626, Time Since Last Log: 0:00:40.473020
05-30 22:50:10: Progress: 58.5% Step: 5850000, Average Reward: 23.881, Time Since Last Log: 0:00:40.470323
05-30 22:50:50: Progress: 58.8% Step: 5880000, Average Reward: 24.284, Time Since Last Log: 0:00:40.531181
05-30 22:51:31: Progress: 59.1% Step: 5910000, Average Reward: 24.528, Time Since Last Log: 0:00:40.471471
05-30 22:52:11: Progress: 59.4% Step: 5940000, Average Reward: 24.682, Time Since Last Log: 0:00:40.298812
05-30 22:52:51: Progress: 59.7% Step: 5970000, Average Reward: 24.91, Time Since Last Log: 0:00:40.385896
05-30 22:53:32: Progress: 60.0% Step: 6000000, Average Reward: 25.157, Time Since Last Log: 0:00:40.650096
05-30 22:55:58: Test Results over 10 episodes: 
Average Reward: 393.400 
Max Reward: 428.0 
Min Reward: 308.0 
Standard Deviation: 37.184
05-30 22:56:44: Progress: 60.3% Step: 6030000, Average Reward: 25.31, Time Since Last Log: 0:03:11.858537
05-30 22:57:24: Progress: 60.6% Step: 6060000, Average Reward: 25.405, Time Since Last Log: 0:00:40.432062
05-30 22:58:05: Progress: 60.9% Step: 6090000, Average Reward: 25.654, Time Since Last Log: 0:00:40.498502
05-30 22:58:45: Progress: 61.2% Step: 6120000, Average Reward: 25.842, Time Since Last Log: 0:00:40.230560
05-30 22:59:26: Progress: 61.5% Step: 6150000, Average Reward: 26.085, Time Since Last Log: 0:00:40.407736
05-30 23:00:06: Progress: 61.8% Step: 6180000, Average Reward: 26.242, Time Since Last Log: 0:00:40.618696
05-30 23:00:46: Progress: 62.1% Step: 6210000, Average Reward: 26.43, Time Since Last Log: 0:00:40.283495
05-30 23:01:27: Progress: 62.4% Step: 6240000, Average Reward: 26.787, Time Since Last Log: 0:00:40.335939
05-30 23:02:07: Progress: 62.7% Step: 6270000, Average Reward: 27.003, Time Since Last Log: 0:00:40.563590
05-30 23:02:48: Progress: 63.0% Step: 6300000, Average Reward: 27.136, Time Since Last Log: 0:00:40.492220
05-30 23:03:28: Progress: 63.3% Step: 6330000, Average Reward: 27.403, Time Since Last Log: 0:00:40.517994
05-30 23:04:09: Progress: 63.6% Step: 6360000, Average Reward: 27.57, Time Since Last Log: 0:00:40.334836
05-30 23:04:49: Progress: 63.9% Step: 6390000, Average Reward: 27.828, Time Since Last Log: 0:00:40.361451
05-30 23:05:30: Progress: 64.2% Step: 6420000, Average Reward: 27.875, Time Since Last Log: 0:00:40.656914
05-30 23:06:10: Progress: 64.5% Step: 6450000, Average Reward: 28.107, Time Since Last Log: 0:00:40.332092
05-30 23:06:50: Progress: 64.8% Step: 6480000, Average Reward: 28.253, Time Since Last Log: 0:00:40.361652
05-30 23:07:31: Progress: 65.1% Step: 6510000, Average Reward: 28.587, Time Since Last Log: 0:00:40.579230
05-30 23:08:11: Progress: 65.4% Step: 6540000, Average Reward: 28.932, Time Since Last Log: 0:00:40.202938
05-30 23:08:51: Progress: 65.7% Step: 6570000, Average Reward: 29.042, Time Since Last Log: 0:00:40.128711
05-30 23:09:32: Progress: 66.0% Step: 6600000, Average Reward: 29.751, Time Since Last Log: 0:00:40.758109
05-30 23:12:43: Test Results over 10 episodes: 
Average Reward: 367.200 
Max Reward: 539.0 
Min Reward: 134.0 
Standard Deviation: 105.110
05-30 23:13:41: Progress: 66.3% Step: 6630000, Average Reward: 30.013, Time Since Last Log: 0:04:08.944406
05-30 23:14:22: Progress: 66.6% Step: 6660000, Average Reward: 30.347, Time Since Last Log: 0:00:40.465511
05-30 23:15:02: Progress: 66.9% Step: 6690000, Average Reward: 30.626, Time Since Last Log: 0:00:40.717419
05-30 23:15:43: Progress: 67.2% Step: 6720000, Average Reward: 30.73, Time Since Last Log: 0:00:40.371336
05-30 23:16:23: Progress: 67.5% Step: 6750000, Average Reward: 30.956, Time Since Last Log: 0:00:40.186495
05-30 23:17:03: Progress: 67.8% Step: 6780000, Average Reward: 31.141, Time Since Last Log: 0:00:40.637201
05-30 23:17:44: Progress: 68.1% Step: 6810000, Average Reward: 31.545, Time Since Last Log: 0:00:40.448754
05-30 23:18:25: Progress: 68.4% Step: 6840000, Average Reward: 31.761, Time Since Last Log: 0:00:40.713270
05-30 23:19:05: Progress: 68.7% Step: 6870000, Average Reward: 32.144, Time Since Last Log: 0:00:40.439057
05-30 23:19:46: Progress: 69.0% Step: 6900000, Average Reward: 32.388, Time Since Last Log: 0:00:40.507104
05-30 23:20:26: Progress: 69.3% Step: 6930000, Average Reward: 32.446, Time Since Last Log: 0:00:40.487322
05-30 23:21:06: Progress: 69.6% Step: 6960000, Average Reward: 32.566, Time Since Last Log: 0:00:40.317415
05-30 23:21:47: Progress: 69.9% Step: 6990000, Average Reward: 32.806, Time Since Last Log: 0:00:40.480558
05-30 23:22:27: Progress: 70.2% Step: 7020000, Average Reward: 33.13, Time Since Last Log: 0:00:40.478378
05-30 23:23:08: Progress: 70.5% Step: 7050000, Average Reward: 33.379, Time Since Last Log: 0:00:40.501786
05-30 23:23:48: Progress: 70.8% Step: 7080000, Average Reward: 33.63, Time Since Last Log: 0:00:40.471339
05-30 23:24:29: Progress: 71.1% Step: 7110000, Average Reward: 33.754, Time Since Last Log: 0:00:40.798455
05-30 23:25:10: Progress: 71.4% Step: 7140000, Average Reward: 33.929, Time Since Last Log: 0:00:40.489966
05-30 23:25:50: Progress: 71.7% Step: 7170000, Average Reward: 34.152, Time Since Last Log: 0:00:40.545005
05-30 23:26:30: Progress: 72.0% Step: 7200000, Average Reward: 34.259, Time Since Last Log: 0:00:40.244773
05-30 23:28:54: Test Results over 10 episodes: 
Average Reward: 328.200 
Max Reward: 405.0 
Min Reward: 148.0 
Standard Deviation: 85.366
05-30 23:29:39: Progress: 72.3% Step: 7230000, Average Reward: 34.446, Time Since Last Log: 0:03:08.289948
05-30 23:30:19: Progress: 72.6% Step: 7260000, Average Reward: 34.719, Time Since Last Log: 0:00:40.413475
05-30 23:30:59: Progress: 72.9% Step: 7290000, Average Reward: 34.84, Time Since Last Log: 0:00:40.379857
05-30 23:31:40: Progress: 73.2% Step: 7320000, Average Reward: 35.086, Time Since Last Log: 0:00:40.350866
05-30 23:32:20: Progress: 73.5% Step: 7350000, Average Reward: 35.299, Time Since Last Log: 0:00:40.394844
05-30 23:33:01: Progress: 73.8% Step: 7380000, Average Reward: 35.403, Time Since Last Log: 0:00:40.511350
05-30 23:33:41: Progress: 74.1% Step: 7410000, Average Reward: 35.513, Time Since Last Log: 0:00:40.297362
05-30 23:34:21: Progress: 74.4% Step: 7440000, Average Reward: 35.629, Time Since Last Log: 0:00:40.181754
05-30 23:35:02: Progress: 74.7% Step: 7470000, Average Reward: 35.69, Time Since Last Log: 0:00:40.366608
05-30 23:35:42: Progress: 75.0% Step: 7500000, Average Reward: 35.885, Time Since Last Log: 0:00:40.196391
05-30 23:36:22: Progress: 75.3% Step: 7530000, Average Reward: 36.24, Time Since Last Log: 0:00:40.543417
05-30 23:37:03: Progress: 75.6% Step: 7560000, Average Reward: 36.424, Time Since Last Log: 0:00:40.338936
05-30 23:37:43: Progress: 75.9% Step: 7590000, Average Reward: 36.693, Time Since Last Log: 0:00:40.305317
05-30 23:38:24: Progress: 76.2% Step: 7620000, Average Reward: 36.933, Time Since Last Log: 0:00:40.629948
05-30 23:39:04: Progress: 76.5% Step: 7650000, Average Reward: 37.065, Time Since Last Log: 0:00:40.372238
05-30 23:39:45: Progress: 76.8% Step: 7680000, Average Reward: 37.296, Time Since Last Log: 0:00:40.591998
05-30 23:40:25: Progress: 77.1% Step: 7710000, Average Reward: 37.493, Time Since Last Log: 0:00:40.508843
05-30 23:41:05: Progress: 77.4% Step: 7740000, Average Reward: 37.922, Time Since Last Log: 0:00:40.379472
05-30 23:41:46: Progress: 77.7% Step: 7770000, Average Reward: 38.163, Time Since Last Log: 0:00:40.483942
05-30 23:42:26: Progress: 78.0% Step: 7800000, Average Reward: 38.339, Time Since Last Log: 0:00:40.401755
05-30 23:47:10: Test Results over 10 episodes: 
Average Reward: 458.700 
Max Reward: 860.0 
Min Reward: 376.0 
Standard Deviation: 135.049
05-30 23:47:57: Progress: 78.3% Step: 7830000, Average Reward: 38.51, Time Since Last Log: 0:05:30.499411
05-30 23:48:37: Progress: 78.6% Step: 7860000, Average Reward: 38.949, Time Since Last Log: 0:00:40.346753
05-30 23:49:18: Progress: 78.9% Step: 7890000, Average Reward: 39.412, Time Since Last Log: 0:00:40.626958
05-30 23:49:58: Progress: 79.2% Step: 7920000, Average Reward: 39.714, Time Since Last Log: 0:00:40.494952
05-30 23:50:39: Progress: 79.5% Step: 7950000, Average Reward: 40.04, Time Since Last Log: 0:00:40.451028
05-30 23:51:19: Progress: 79.8% Step: 7980000, Average Reward: 40.362, Time Since Last Log: 0:00:40.378159
05-30 23:51:59: Progress: 80.1% Step: 8010000, Average Reward: 40.62, Time Since Last Log: 0:00:40.341643
05-30 23:52:40: Progress: 80.4% Step: 8040000, Average Reward: 40.926, Time Since Last Log: 0:00:40.631237
05-30 23:53:21: Progress: 80.7% Step: 8070000, Average Reward: 41.118, Time Since Last Log: 0:00:40.462374
05-30 23:54:01: Progress: 81.0% Step: 8100000, Average Reward: 41.303, Time Since Last Log: 0:00:40.476546
05-30 23:54:42: Progress: 81.3% Step: 8130000, Average Reward: 41.617, Time Since Last Log: 0:00:40.740841
05-30 23:55:22: Progress: 81.6% Step: 8160000, Average Reward: 41.828, Time Since Last Log: 0:00:40.443862
05-30 23:56:03: Progress: 81.9% Step: 8190000, Average Reward: 42.208, Time Since Last Log: 0:00:40.357033
05-30 23:56:43: Progress: 82.2% Step: 8220000, Average Reward: 42.539, Time Since Last Log: 0:00:40.420918
05-30 23:57:24: Progress: 82.5% Step: 8250000, Average Reward: 43.306, Time Since Last Log: 0:00:40.728932
05-30 23:58:04: Progress: 82.8% Step: 8280000, Average Reward: 43.422, Time Since Last Log: 0:00:40.766751
05-30 23:58:45: Progress: 83.1% Step: 8310000, Average Reward: 43.817, Time Since Last Log: 0:00:40.523798
05-30 23:59:25: Progress: 83.4% Step: 8340000, Average Reward: 44.032, Time Since Last Log: 0:00:40.530001
05-31 00:00:06: Progress: 83.7% Step: 8370000, Average Reward: 44.302, Time Since Last Log: 0:00:40.894062
05-31 00:00:47: Progress: 84.0% Step: 8400000, Average Reward: 44.375, Time Since Last Log: 0:00:40.475082
05-31 00:10:17: Test Results over 10 episodes: 
Average Reward: 442.100 
Max Reward: 649.0 
Min Reward: 373.0 
Standard Deviation: 70.830
05-31 00:13:39: Progress: 84.3% Step: 8430000, Average Reward: 44.588, Time Since Last Log: 0:12:52.409723
05-31 00:14:20: Progress: 84.6% Step: 8460000, Average Reward: 44.705, Time Since Last Log: 0:00:40.310223
05-31 00:15:00: Progress: 84.9% Step: 8490000, Average Reward: 45.096, Time Since Last Log: 0:00:40.434389
05-31 00:15:40: Progress: 85.2% Step: 8520000, Average Reward: 45.096, Time Since Last Log: 0:00:40.283299
05-31 00:16:20: Progress: 85.5% Step: 8550000, Average Reward: 45.295, Time Since Last Log: 0:00:40.192891
05-31 00:17:01: Progress: 85.8% Step: 8580000, Average Reward: 45.692, Time Since Last Log: 0:00:40.465437
05-31 00:17:41: Progress: 86.1% Step: 8610000, Average Reward: 45.885, Time Since Last Log: 0:00:40.230801
05-31 00:18:21: Progress: 86.4% Step: 8640000, Average Reward: 46.295, Time Since Last Log: 0:00:40.116513
05-31 00:19:02: Progress: 86.7% Step: 8670000, Average Reward: 46.498, Time Since Last Log: 0:00:40.334698
05-31 00:19:42: Progress: 87.0% Step: 8700000, Average Reward: 46.614, Time Since Last Log: 0:00:40.221441
05-31 00:20:22: Progress: 87.3% Step: 8730000, Average Reward: 46.866, Time Since Last Log: 0:00:40.549026
05-31 00:27:06: Progress: 87.6% Step: 8760000, Average Reward: 46.988, Time Since Last Log: 0:06:43.521864
05-31 00:27:46: Progress: 87.9% Step: 8790000, Average Reward: 47.174, Time Since Last Log: 0:00:40.398370
05-31 00:28:27: Progress: 88.2% Step: 8820000, Average Reward: 47.385, Time Since Last Log: 0:00:40.504448
05-31 00:29:07: Progress: 88.5% Step: 8850000, Average Reward: 47.502, Time Since Last Log: 0:00:40.238603
05-31 00:29:47: Progress: 88.8% Step: 8880000, Average Reward: 47.904, Time Since Last Log: 0:00:40.238092
05-31 00:30:28: Progress: 89.1% Step: 8910000, Average Reward: 48.163, Time Since Last Log: 0:00:40.478899
05-31 00:31:08: Progress: 89.4% Step: 8940000, Average Reward: 48.422, Time Since Last Log: 0:00:40.344939
05-31 00:31:49: Progress: 89.7% Step: 8970000, Average Reward: 48.761, Time Since Last Log: 0:00:40.432161
05-31 00:32:29: Progress: 90.0% Step: 9000000, Average Reward: 49.24, Time Since Last Log: 0:00:40.335526
05-31 00:34:41: Test Results over 10 episodes: 
Average Reward: 384.300 
Max Reward: 418.0 
Min Reward: 281.0 
Standard Deviation: 36.943
05-31 00:35:28: Progress: 90.3% Step: 9030000, Average Reward: 49.52, Time Since Last Log: 0:02:59.118932
05-31 00:36:09: Progress: 90.6% Step: 9060000, Average Reward: 49.853, Time Since Last Log: 0:00:40.713471
05-31 00:36:50: Progress: 90.9% Step: 9090000, Average Reward: 50.199, Time Since Last Log: 0:00:40.934442
05-31 00:37:30: Progress: 91.2% Step: 9120000, Average Reward: 50.425, Time Since Last Log: 0:00:40.747520
05-31 00:38:11: Progress: 91.5% Step: 9150000, Average Reward: 50.709, Time Since Last Log: 0:00:40.759760
05-31 00:38:52: Progress: 91.8% Step: 9180000, Average Reward: 50.786, Time Since Last Log: 0:00:40.739577
05-31 00:39:32: Progress: 92.1% Step: 9210000, Average Reward: 51.044, Time Since Last Log: 0:00:40.516011
05-31 00:40:13: Progress: 92.4% Step: 9240000, Average Reward: 51.375, Time Since Last Log: 0:00:40.759257
05-31 00:40:54: Progress: 92.7% Step: 9270000, Average Reward: 51.59, Time Since Last Log: 0:00:40.592180
05-31 00:41:35: Progress: 93.0% Step: 9300000, Average Reward: 52.215, Time Since Last Log: 0:00:40.721185
05-31 00:42:15: Progress: 93.3% Step: 9330000, Average Reward: 52.625, Time Since Last Log: 0:00:40.897705
05-31 00:42:56: Progress: 93.6% Step: 9360000, Average Reward: 52.694, Time Since Last Log: 0:00:40.576132
05-31 00:43:37: Progress: 93.9% Step: 9390000, Average Reward: 52.833, Time Since Last Log: 0:00:40.693637
05-31 00:44:17: Progress: 94.2% Step: 9420000, Average Reward: 53.189, Time Since Last Log: 0:00:40.625800
05-31 00:44:58: Progress: 94.5% Step: 9450000, Average Reward: 53.603, Time Since Last Log: 0:00:40.626931
05-31 00:45:06: Step: 9456240 Env #4: New best return at episode #242 -> 829.0!!
05-31 00:45:39: Progress: 94.8% Step: 9480000, Average Reward: 54.037, Time Since Last Log: 0:00:40.672204
05-31 00:46:20: Progress: 95.1% Step: 9510000, Average Reward: 54.447, Time Since Last Log: 0:00:41.170722
05-31 00:47:01: Progress: 95.4% Step: 9540000, Average Reward: 54.576, Time Since Last Log: 0:00:40.864241
05-31 00:47:42: Progress: 95.7% Step: 9570000, Average Reward: 54.927, Time Since Last Log: 0:00:40.954085
05-31 00:48:22: Progress: 96.0% Step: 9600000, Average Reward: 55.213, Time Since Last Log: 0:00:40.609683
05-31 00:50:44: Test Results over 10 episodes: 
Average Reward: 363.000 
Max Reward: 428.0 
Min Reward: 179.0 
Standard Deviation: 72.699
05-31 00:51:37: Progress: 96.3% Step: 9630000, Average Reward: 55.49, Time Since Last Log: 0:03:14.940315
05-31 00:52:18: Progress: 96.6% Step: 9660000, Average Reward: 55.844, Time Since Last Log: 0:00:40.706501
05-31 00:52:59: Progress: 96.9% Step: 9690000, Average Reward: 56.336, Time Since Last Log: 0:00:41.039413
05-31 00:53:40: Progress: 97.2% Step: 9720000, Average Reward: 56.698, Time Since Last Log: 0:00:40.619045
05-31 00:54:20: Progress: 97.5% Step: 9750000, Average Reward: 56.917, Time Since Last Log: 0:00:40.697265
05-31 00:55:01: Progress: 97.8% Step: 9780000, Average Reward: 57.132, Time Since Last Log: 0:00:40.763576
05-31 00:55:42: Progress: 98.1% Step: 9810000, Average Reward: 57.345, Time Since Last Log: 0:00:40.624218
05-31 00:56:22: Progress: 98.4% Step: 9840000, Average Reward: 57.614, Time Since Last Log: 0:00:40.901970
05-31 00:57:03: Progress: 98.7% Step: 9870000, Average Reward: 58.067, Time Since Last Log: 0:00:40.704204
05-31 00:57:44: Progress: 99.0% Step: 9900000, Average Reward: 58.206, Time Since Last Log: 0:00:40.663621
05-31 00:58:25: Progress: 99.3% Step: 9930000, Average Reward: 58.499, Time Since Last Log: 0:00:40.825811
05-31 00:59:05: Progress: 99.6% Step: 9960000, Average Reward: 58.71, Time Since Last Log: 0:00:40.580277
05-31 00:59:46: Progress: 99.9% Step: 9990000, Average Reward: 58.984, Time Since Last Log: 0:00:40.856441
05-31 01:58:51: Test Results over 100 episodes: 
Average Reward: 410.970 
Max Reward: 825.0 
Min Reward: 192.0 
Standard Deviation: 69.499
